This is pdfTeX, Version 3.141592653-2.6-1.40.25 (MiKTeX 23.10) (preloaded format=pdflatex 2024.1.26)  1 FEB 2024 17:35
entering extended mode
 restricted \write18 enabled.
 file:line:error style messages enabled.
 %&-line parsing enabled.
**c:/Users/fboss/Documents/OptCon/OptCon_Project/Report/Report_Group15/OPTCON_report_15.tex
(c:/Users/fboss/Documents/OptCon/OptCon_Project/Report/Report_Group15/OPTCON_report_15.tex
LaTeX2e <2023-06-01> patch level 1
L3 programming layer <2023-08-29>
(C:\Users\fboss\AppData\Local\Programs\MiKTeX\tex/latex/base\report.cls
Document Class: report 2023/05/17 v1.4n Standard LaTeX document class
(C:\Users\fboss\AppData\Local\Programs\MiKTeX\tex/latex/base\size11.clo
File: size11.clo 2023/05/17 v1.4n Standard LaTeX file (size option)
)
\c@part=\count185
\c@chapter=\count186
\c@section=\count187
\c@subsection=\count188
\c@subsubsection=\count189
\c@paragraph=\count190
\c@subparagraph=\count191
\c@figure=\count192
\c@table=\count193
\abovecaptionskip=\skip48
\belowcaptionskip=\skip49
\bibindent=\dimen140
) (C:\Users\fboss\AppData\Local\Programs\MiKTeX\tex/latex/base\inputenc.sty
Package: inputenc 2021/02/14 v1.3d Input encoding file
\inpenc@prehook=\toks17
\inpenc@posthook=\toks18
 (C:\Users\fboss\AppData\Local\Programs\MiKTeX\tex/latex/base\latin1.def
File: latin1.def 2021/02/14 v1.3d Input encoding file
)) (C:\Users\fboss\AppData\Local\Programs\MiKTeX\tex/generic/babel\babel.sty
Package: babel 2023/09/29 v3.95 The Babel package
\babel@savecnt=\count194
\U@D=\dimen141
\l@unhyphenated=\language79
 (C:\Users\fboss\AppData\Local\Programs\MiKTeX\tex/generic/babel\txtbabel.def)
\bbl@readstream=\read2
\bbl@dirlevel=\count195

*************************************
* Local config file bblopts.cfg used
*
(C:\Users\fboss\AppData\Local\Programs\MiKTeX\tex/latex/arabi\bblopts.cfg
File: bblopts.cfg 2005/09/08 v0.1 add Arabic and Farsi to "declared" options of babel
) (C:\Users\fboss\AppData\Local\Programs\MiKTeX\tex/latex/babel-english\english.ldf
Language: english 2017/06/06 v3.3r English support from the babel system
Package babel Info: Hyphen rules for 'canadian' set to \l@english
(babel)             (\language0). Reported on input line 102.
Package babel Info: Hyphen rules for 'australian' set to \l@ukenglish
(babel)             (\language73). Reported on input line 105.
Package babel Info: Hyphen rules for 'newzealand' set to \l@ukenglish
(babel)             (\language73). Reported on input line 108.
)) (C:\Users\fboss\AppData\Local\Programs\MiKTeX\tex/generic/babel/locale/en\babel-english.tex
Package babel Info: Importing font and identification data for english
(babel)             from babel-en.ini. Reported on input line 11.
) (C:\Users\fboss\AppData\Local\Programs\MiKTeX\tex/latex/amsfonts\amsfonts.sty
Package: amsfonts 2013/01/14 v3.01 Basic AMSFonts support
\@emptytoks=\toks19
\symAMSa=\mathgroup4
\symAMSb=\mathgroup5
LaTeX Font Info:    Redeclaring math symbol \hbar on input line 98.
LaTeX Font Info:    Overwriting math alphabet `\mathfrak' in version `bold'
(Font)                  U/euf/m/n --> U/euf/b/n on input line 106.
) (C:\Users\fboss\AppData\Local\Programs\MiKTeX\tex/latex/amsmath\amsmath.sty
Package: amsmath 2023/05/13 v2.17o AMS math features
\@mathmargin=\skip50

For additional information on amsmath, use the `?' option.
(C:\Users\fboss\AppData\Local\Programs\MiKTeX\tex/latex/amsmath\amstext.sty
Package: amstext 2021/08/26 v2.01 AMS text
 (C:\Users\fboss\AppData\Local\Programs\MiKTeX\tex/latex/amsmath\amsgen.sty
File: amsgen.sty 1999/11/30 v2.0 generic functions
\@emptytoks=\toks20
\ex@=\dimen142
)) (C:\Users\fboss\AppData\Local\Programs\MiKTeX\tex/latex/amsmath\amsbsy.sty
Package: amsbsy 1999/11/29 v1.2d Bold Symbols
\pmbraise@=\dimen143
) (C:\Users\fboss\AppData\Local\Programs\MiKTeX\tex/latex/amsmath\amsopn.sty
Package: amsopn 2022/04/08 v2.04 operator names
)
\inf@bad=\count196
LaTeX Info: Redefining \frac on input line 234.
\uproot@=\count197
\leftroot@=\count198
LaTeX Info: Redefining \overline on input line 399.
LaTeX Info: Redefining \colon on input line 410.
\classnum@=\count199
\DOTSCASE@=\count266
LaTeX Info: Redefining \ldots on input line 496.
LaTeX Info: Redefining \dots on input line 499.
LaTeX Info: Redefining \cdots on input line 620.
\Mathstrutbox@=\box51
\strutbox@=\box52
LaTeX Info: Redefining \big on input line 722.
LaTeX Info: Redefining \Big on input line 723.
LaTeX Info: Redefining \bigg on input line 724.
LaTeX Info: Redefining \Bigg on input line 725.
\big@size=\dimen144
LaTeX Font Info:    Redeclaring font encoding OML on input line 743.
LaTeX Font Info:    Redeclaring font encoding OMS on input line 744.
\macc@depth=\count267
LaTeX Info: Redefining \bmod on input line 905.
LaTeX Info: Redefining \pmod on input line 910.
LaTeX Info: Redefining \smash on input line 940.
LaTeX Info: Redefining \relbar on input line 970.
LaTeX Info: Redefining \Relbar on input line 971.
\c@MaxMatrixCols=\count268
\dotsspace@=\muskip16
\c@parentequation=\count269
\dspbrk@lvl=\count270
\tag@help=\toks21
\row@=\count271
\column@=\count272
\maxfields@=\count273
\andhelp@=\toks22
\eqnshift@=\dimen145
\alignsep@=\dimen146
\tagshift@=\dimen147
\tagwidth@=\dimen148
\totwidth@=\dimen149
\lineht@=\dimen150
\@envbody=\toks23
\multlinegap=\skip51
\multlinetaggap=\skip52
\mathdisplay@stack=\toks24
LaTeX Info: Redefining \[ on input line 2953.
LaTeX Info: Redefining \] on input line 2954.
) (C:\Users\fboss\AppData\Local\Programs\MiKTeX\tex/latex/amsfonts\amssymb.sty
Package: amssymb 2013/01/14 v3.01 AMS font symbols
) (C:\Users\fboss\AppData\Local\Programs\MiKTeX\tex/latex/graphics\color.sty
Package: color 2022/01/06 v1.3d Standard LaTeX Color (DPC)
 (C:\Users\fboss\AppData\Local\Programs\MiKTeX\tex/latex/graphics-cfg\color.cfg
File: color.cfg 2016/01/02 v1.6 sample color configuration
)
Package color Info: Driver file: pdftex.def on input line 149.
 (C:\Users\fboss\AppData\Local\Programs\MiKTeX\tex/latex/graphics-def\pdftex.def
File: pdftex.def 2022/09/22 v1.2b Graphics/color driver for pdftex
) (C:\Users\fboss\AppData\Local\Programs\MiKTeX\tex/latex/graphics\mathcolor.ltx)) (C:\Users\fboss\AppData\Local\Programs\MiKTeX\tex/latex/cite\cite.sty
LaTeX Info: Redefining \cite on input line 302.
LaTeX Info: Redefining \nocite on input line 332.
Package: cite 2015/02/27  v 5.5
) (C:\Users\fboss\AppData\Local\Programs\MiKTeX\tex/latex/graphics\graphicx.sty
Package: graphicx 2021/09/16 v1.2d Enhanced LaTeX Graphics (DPC,SPQR)
 (C:\Users\fboss\AppData\Local\Programs\MiKTeX\tex/latex/graphics\keyval.sty
Package: keyval 2022/05/29 v1.15 key=value parser (DPC)
\KV@toks@=\toks25
) (C:\Users\fboss\AppData\Local\Programs\MiKTeX\tex/latex/graphics\graphics.sty
Package: graphics 2022/03/10 v1.4e Standard LaTeX Graphics (DPC,SPQR)
 (C:\Users\fboss\AppData\Local\Programs\MiKTeX\tex/latex/graphics\trig.sty
Package: trig 2021/08/11 v1.11 sin cos tan (DPC)
) (C:\Users\fboss\AppData\Local\Programs\MiKTeX\tex/latex/graphics-cfg\graphics.cfg
File: graphics.cfg 2016/06/04 v1.11 sample graphics configuration
)
Package graphics Info: Driver file: pdftex.def on input line 107.
)
\Gin@req@height=\dimen151
\Gin@req@width=\dimen152
) (C:\Users\fboss\AppData\Local\Programs\MiKTeX\tex/latex/float\float.sty
Package: float 2001/11/08 v1.3d Float enhancements (AL)
\c@float@type=\count274
\float@exts=\toks26
\float@box=\box53
\@float@everytoks=\toks27
\@floatcapt=\box54
) (C:\Users\fboss\AppData\Local\Programs\MiKTeX\tex/latex/titlesec\titlesec.sty
Package: titlesec 2023/10/27 v2.16 Sectioning titles
\ttl@box=\box55
\beforetitleunit=\skip53
\aftertitleunit=\skip54
\ttl@plus=\dimen153
\ttl@minus=\dimen154
\ttl@toksa=\toks28
\titlewidth=\dimen155
\titlewidthlast=\dimen156
\titlewidthfirst=\dimen157
) (C:\Users\fboss\AppData\Local\Programs\MiKTeX\tex/latex/placeins\placeins.sty
Package: placeins 2005/04/18  v 2.2
) (C:\Users\fboss\AppData\Local\Programs\MiKTeX\tex/latex/animate\animate.sty
Package: animate 2023/06/18 PDF & SVG animations from files and inline graphics
 (C:\Users\fboss\AppData\Local\Programs\MiKTeX\tex/latex/base\ifthen.sty
Package: ifthen 2022/04/13 v1.1d Standard LaTeX ifthen package (DPC)
) (C:\Users\fboss\AppData\Local\Programs\MiKTeX\tex/generic/iftex\iftex.sty
Package: iftex 2022/02/03 v1.0f TeX engine tests
) (C:\Users\fboss\AppData\Local\Programs\MiKTeX\tex/latex/oberdiek\ifdraft.sty
Package: ifdraft 2016/05/16 v1.4 Detect class options draft and final (HO)
) (C:\Users\fboss\AppData\Local\Programs\MiKTeX\tex/latex/tools\calc.sty
Package: calc 2017/05/25 v4.3 Infix arithmetic (KKT,FJ)
\calc@Acount=\count275
\calc@Bcount=\count276
\calc@Adimen=\dimen158
\calc@Bdimen=\dimen159
\calc@Askip=\skip55
\calc@Bskip=\skip56
LaTeX Info: Redefining \setlength on input line 80.
LaTeX Info: Redefining \addtolength on input line 81.
\calc@Ccount=\count277
\calc@Cskip=\skip57
) (C:\Users\fboss\AppData\Local\Programs\MiKTeX\tex/latex/media9\pdfbase.sty
Package: pdfbase 2022/08/04 v0.55 driver independent access to low-level PDF features
 (C:\Users\fboss\AppData\Local\Programs\MiKTeX\tex/latex/l3backend\l3backend-pdftex.def
File: l3backend-pdftex.def 2023-04-19 L3 backend support: PDF output (pdfTeX)
\l__color_backend_stack_int=\count278
\l__pdf_internal_box=\box56
)
\g_pbs_page_int=\count279
\g_pbs_oc_int=\count280
) (C:\Users\fboss\AppData\Local\Programs\MiKTeX\tex/latex/zref\zref-abspage.sty
Package: zref-abspage 2023-09-14 v2.35 Module abspage for zref (HO)
 (C:\Users\fboss\AppData\Local\Programs\MiKTeX\tex/latex/zref\zref-base.sty
Package: zref-base 2023-09-14 v2.35 Module base for zref (HO)
 (C:\Users\fboss\AppData\Local\Programs\MiKTeX\tex/generic/ltxcmds\ltxcmds.sty
Package: ltxcmds 2023-12-04 v1.26 LaTeX kernel commands for general use (HO)
) (C:\Users\fboss\AppData\Local\Programs\MiKTeX\tex/generic/infwarerr\infwarerr.sty
Package: infwarerr 2019/12/03 v1.5 Providing info/warning/error messages (HO)
) (C:\Users\fboss\AppData\Local\Programs\MiKTeX\tex/latex/kvsetkeys\kvsetkeys.sty
Package: kvsetkeys 2022-10-05 v1.19 Key value parser (HO)
) (C:\Users\fboss\AppData\Local\Programs\MiKTeX\tex/generic/kvdefinekeys\kvdefinekeys.sty
Package: kvdefinekeys 2019-12-19 v1.6 Define keys (HO)
) (C:\Users\fboss\AppData\Local\Programs\MiKTeX\tex/generic/pdftexcmds\pdftexcmds.sty
Package: pdftexcmds 2020-06-27 v0.33 Utility functions of pdfTeX for LuaTeX (HO)
Package pdftexcmds Info: \pdf@primitive is available.
Package pdftexcmds Info: \pdf@ifprimitive is available.
Package pdftexcmds Info: \pdfdraftmode found.
) (C:\Users\fboss\AppData\Local\Programs\MiKTeX\tex/generic/etexcmds\etexcmds.sty
Package: etexcmds 2019/12/15 v1.7 Avoid name clashes with e-TeX commands (HO)
) (C:\Users\fboss\AppData\Local\Programs\MiKTeX\tex/latex/auxhook\auxhook.sty
Package: auxhook 2019-12-17 v1.6 Hooks for auxiliary files (HO)
)
Package zref Info: New property list: main on input line 767.
Package zref Info: New property: default on input line 768.
Package zref Info: New property: page on input line 769.
)
\c@abspage=\count281
Package zref Info: New property: abspage on input line 67.
) (C:\Users\fboss\AppData\Local\Programs\MiKTeX\tex/latex/ocgx2\ocgbase.sty
Package: ocgbase 2022/08/04 v0.22 support package for ocgx2.sty
\g_ocgbase_nd_int=\count282
)
\@anim@box=\box57
\@anim@measbox=\box58
\@anim@tmpdima=\dimen160
\@anim@tmpdimb=\dimen161
\@anim@num=\count283
\@anim@curframe=\count284
\@anim@curframe@zb=\count285
\@anim@resizeflags=\count286
\@anim@skipfram=\count287
\@anim@mulframecnt=\count288
\@anim@@tmlnfile=\read3
\@anim@tmpcnt=\count289
\c@@anim@ltxcnt=\count290
\@anim@curlayer=\count291
\@anim@lineno=\count292
\@anim@curfield=\count293
\@anim@@resizeflags=\count294
) (OPTCON_report_15.aux)
\openout1 = `OPTCON_report_15.aux'.

LaTeX Font Info:    Checking defaults for OML/cmm/m/it on input line 26.
LaTeX Font Info:    ... okay on input line 26.
LaTeX Font Info:    Checking defaults for OMS/cmsy/m/n on input line 26.
LaTeX Font Info:    ... okay on input line 26.
LaTeX Font Info:    Checking defaults for OT1/cmr/m/n on input line 26.
LaTeX Font Info:    ... okay on input line 26.
LaTeX Font Info:    Checking defaults for T1/cmr/m/n on input line 26.
LaTeX Font Info:    ... okay on input line 26.
LaTeX Font Info:    Checking defaults for TS1/cmr/m/n on input line 26.
LaTeX Font Info:    ... okay on input line 26.
LaTeX Font Info:    Checking defaults for OMX/cmex/m/n on input line 26.
LaTeX Font Info:    ... okay on input line 26.
LaTeX Font Info:    Checking defaults for U/cmr/m/n on input line 26.
LaTeX Font Info:    ... okay on input line 26.
 (C:\Users\fboss\AppData\Local\Programs\MiKTeX\tex/context/base/mkii\supp-pdf.mkii
[Loading MPS to PDF converter (version 2006.09.02).]
\scratchcounter=\count295
\scratchdimen=\dimen162
\scratchbox=\box59
\nofMPsegments=\count296
\nofMParguments=\count297
\everyMPshowfont=\toks29
\MPscratchCnt=\count298
\MPscratchDim=\dimen163
\MPnumerator=\count299
\makeMPintoPDFobject=\count300
\everyMPtoPDFconversion=\toks30
) (C:\Users\fboss\AppData\Local\Programs\MiKTeX\tex/latex/epstopdf-pkg\epstopdf-base.sty
Package: epstopdf-base 2020-01-24 v2.11 Base part for package epstopdf
Package epstopdf-base Info: Redefining graphics rule for `.eps' on input line 485.
 (C:\Users\fboss\AppData\Local\Programs\MiKTeX\tex/latex/00miktex\epstopdf-sys.cfg
File: epstopdf-sys.cfg 2021/03/18 v2.0 Configuration of epstopdf for MiKTeX
))
<figs/logo_unibo.png, id=1, 766.865pt x 401.5pt>
File: figs/logo_unibo.png Graphic file (type png)
<use figs/logo_unibo.png>
Package pdftex.def Info: figs/logo_unibo.png  used on input line 37.
(pdftex.def)             Requested size: 207.05632pt x 108.40643pt.
LaTeX Font Info:    Trying to load font information for U+msa on input line 46.
 (C:\Users\fboss\AppData\Local\Programs\MiKTeX\tex/latex/amsfonts\umsa.fd
File: umsa.fd 2013/01/14 v3.01 AMS symbols A
)
LaTeX Font Info:    Trying to load font information for U+msb on input line 46.
 (C:\Users\fboss\AppData\Local\Programs\MiKTeX\tex/latex/amsfonts\umsb.fd
File: umsb.fd 2013/01/14 v3.01 AMS symbols B
) [1

{C:/Users/fboss/AppData/Local/MiKTeX/fonts/map/pdftex/pdftex.map} <./figs/logo_unibo.png (PNG copy)>] [2]
Underfull \hbox (badness 10000) in paragraph at lines 70--70
||
 []

[3

] (OPTCON_report_15.toc)
\tf@toc=\write3
\openout3 = `OPTCON_report_15.toc'.

 [4

] [5

]
Chapter 1.
(Chapters/Task0.tex
<figs/Bycicle.png, id=30, 350.5095pt x 265.59225pt>
File: figs/Bycicle.png Graphic file (type png)
<use figs/Bycicle.png>
Package pdftex.def Info: figs/Bycicle.png  used on input line 10.
(pdftex.def)             Requested size: 180.0pt x 136.3945pt.
 [6

 <./figs/Bycicle.png>] [7]
Overfull \hbox (30.71744pt too wide) detected at line 99
\OMS/cmsy/m/n/10.95 r[]\OML/cmm/m/it/10.95 f\OT1/cmr/m/n/10.95 (\OML/cmm/m/it/10.95 x; u\OT1/cmr/m/n/10.95 ) = []
 []


Overfull \hbox (30.71744pt too wide) detected at line 104
\OMS/cmsy/m/n/10.95 r[]\OML/cmm/m/it/10.95 f\OT1/cmr/m/n/10.95 (\OML/cmm/m/it/10.95 x; u\OT1/cmr/m/n/10.95 ) = [\OMS/cmsy/m/n/10.95 r[]\OML/cmm/m/it/10.95 f[]\OT1/cmr/m/n/10.95 (\OML/cmm/m/it/10.95 x; u\OT1/cmr/m/n/10.95 )\OML/cmm/m/it/10.95 ; \OMS/cmsy/m/n/10.95 r[]\OML/cmm/m/it/10.95 f[]\OT1/cmr/m/n/10.95 (\OML/cmm/m/it/10.95 x; u\OT1/cmr/m/n/10.95 )\OML/cmm/m/it/10.95 ; \OMS/cmsy/m/n/10.95 r[]\OML/cmm/m/it/10.95 f[]\OT1/cmr/m/n/10.95 (\OML/cmm/m/it/10.95 x; u\OT1/cmr/m/n/10.95 )\OML/cmm/m/it/10.95 ; \OMS/cmsy/m/n/10.95 r[]\OML/cmm/m/it/10.95 f[]\OT1/cmr/m/n/10.95 (\OML/cmm/m/it/10.95 x; u\OT1/cmr/m/n/10.95 )\OML/cmm/m/it/10.95 ; \OMS/cmsy/m/n/10.95 r[]\OML/cmm/m/it/10.95 f[]\OT1/cmr/m/n/10.95 (\OML/cmm/m/it/10.95 x; u\OT1/cmr/m/n/10.95 )\OML/cmm/m/it/10.95 ; \OMS/cmsy/m/n/10.95 r[]\OML/cmm/m/it/10.95 f[]\OT1/cmr/m/n/10.95 (\OML/cmm/m/it/10.95 x; u\OT1/cmr/m/n/10.95 )]
 []

) [8]
Chapter 2.
(Chapters/Task1.tex [9

]
<figs/destraj.png, id=56, 462.528pt x 346.896pt>
File: figs/destraj.png Graphic file (type png)
<use figs/destraj.png>
Package pdftex.def Info: figs/destraj.png  used on input line 35.
(pdftex.def)             Requested size: 360.0pt x 270.01141pt.
<figs/despsi.png, id=57, 462.528pt x 346.896pt>
File: figs/despsi.png Graphic file (type png)
<use figs/despsi.png>
Package pdftex.def Info: figs/despsi.png  used on input line 40.
(pdftex.def)             Requested size: 360.0pt x 270.01141pt.
<figs/desbeta.png, id=58, 462.528pt x 346.896pt>
File: figs/desbeta.png Graphic file (type png)
<use figs/desbeta.png>
Package pdftex.def Info: figs/desbeta.png  used on input line 43.
(pdftex.def)             Requested size: 360.0pt x 270.01141pt.


LaTeX Warning: `!h' float specifier changed to `!ht'.

<figs/despsid.png, id=59, 462.528pt x 346.896pt>
File: figs/despsid.png Graphic file (type png)
<use figs/despsid.png>
Package pdftex.def Info: figs/despsid.png  used on input line 48.
(pdftex.def)             Requested size: 360.0pt x 270.01141pt.

LaTeX Warning: `!h' float specifier changed to `!ht'.

[10 <./figs/destraj.png>] [11 <./figs/despsi.png> <./figs/desbeta.png>] [12 <./figs/despsid.png>]
<figs/Arm0.png, id=77, 462.528pt x 346.1733pt>
File: figs/Arm0.png Graphic file (type png)
<use figs/Arm0.png>
Package pdftex.def Info: figs/Arm0.png  used on input line 72.
(pdftex.def)             Requested size: 180.0pt x 134.7218pt.
<figs/arm2.png, id=78, 462.528pt x 346.896pt>
File: figs/arm2.png Graphic file (type png)
<use figs/arm2.png>
Package pdftex.def Info: figs/arm2.png  used on input line 73.
(pdftex.def)             Requested size: 180.0pt x 135.00305pt.

Overfull \hbox (2.43333pt too wide) in paragraph at lines 72--74
[][] [] 
 []

<figs/arm4.png, id=79, 462.528pt x 346.896pt>
File: figs/arm4.png Graphic file (type png)
<use figs/arm4.png>
Package pdftex.def Info: figs/arm4.png  used on input line 77.
(pdftex.def)             Requested size: 180.0pt x 135.00305pt.
<figs/arm6.png, id=80, 462.528pt x 346.896pt>
File: figs/arm6.png Graphic file (type png)
<use figs/arm6.png>
Package pdftex.def Info: figs/arm6.png  used on input line 78.
(pdftex.def)             Requested size: 180.0pt x 135.00305pt.

Overfull \hbox (2.43333pt too wide) in paragraph at lines 77--79
[][] [] 
 []

<figs/arm8.png, id=81, 462.528pt x 346.896pt>
File: figs/arm8.png Graphic file (type png)
<use figs/arm8.png>
Package pdftex.def Info: figs/arm8.png  used on input line 84.
(pdftex.def)             Requested size: 270.0pt x 202.50723pt.
[13

 <./figs/Arm0.png> <./figs/arm2.png>]
<figs/sometraj.png, id=89, 462.528pt x 346.896pt>
File: figs/sometraj.png Graphic file (type png)
<use figs/sometraj.png>
Package pdftex.def Info: figs/sometraj.png  used on input line 94.
(pdftex.def)             Requested size: 180.0pt x 135.00305pt.
<figs/onetraj.png, id=90, 462.528pt x 346.896pt>
File: figs/onetraj.png Graphic file (type png)
<use figs/onetraj.png>
Package pdftex.def Info: figs/onetraj.png  used on input line 95.
(pdftex.def)             Requested size: 180.0pt x 135.00305pt.

Overfull \hbox (2.43333pt too wide) in paragraph at lines 94--96
[][] [] 
 []

<figs/someorient.png, id=91, 462.528pt x 346.896pt>
File: figs/someorient.png Graphic file (type png)
<use figs/someorient.png>
Package pdftex.def Info: figs/someorient.png  used on input line 100.
(pdftex.def)             Requested size: 180.0pt x 135.00305pt.
<figs/onepsi.png, id=92, 462.528pt x 346.896pt>
File: figs/onepsi.png Graphic file (type png)
<use figs/onepsi.png>
Package pdftex.def Info: figs/onepsi.png  used on input line 101.
(pdftex.def)             Requested size: 180.0pt x 135.00305pt.

Overfull \hbox (2.43333pt too wide) in paragraph at lines 100--102
[][] [] 
 []

<figs/someV.png, id=93, 462.528pt x 346.896pt>
File: figs/someV.png Graphic file (type png)
<use figs/someV.png>
Package pdftex.def Info: figs/someV.png  used on input line 106.
(pdftex.def)             Requested size: 180.0pt x 135.00305pt.
<figs/oneV.png, id=94, 462.528pt x 346.896pt>
File: figs/oneV.png Graphic file (type png)
<use figs/oneV.png>
Package pdftex.def Info: figs/oneV.png  used on input line 107.
(pdftex.def)             Requested size: 180.0pt x 135.00305pt.

Overfull \hbox (2.43333pt too wide) in paragraph at lines 106--108
[][] [] 
 []

<figs/somebeta.png, id=95, 462.528pt x 346.896pt>
File: figs/somebeta.png Graphic file (type png)
<use figs/somebeta.png>
Package pdftex.def Info: figs/somebeta.png  used on input line 112.
(pdftex.def)             Requested size: 180.0pt x 135.00305pt.
<figs/onebeta.png, id=96, 462.528pt x 346.896pt>
File: figs/onebeta.png Graphic file (type png)
<use figs/onebeta.png>
Package pdftex.def Info: figs/onebeta.png  used on input line 113.
(pdftex.def)             Requested size: 180.0pt x 135.00305pt.

Overfull \hbox (2.43333pt too wide) in paragraph at lines 112--114
[][] [] 
 []

<figs/somepsid.png, id=97, 462.528pt x 346.896pt>
File: figs/somepsid.png Graphic file (type png)
<use figs/somepsid.png>
Package pdftex.def Info: figs/somepsid.png  used on input line 118.
(pdftex.def)             Requested size: 180.0pt x 135.00305pt.
<figs/onepsid.png, id=98, 462.528pt x 346.896pt>
File: figs/onepsid.png Graphic file (type png)
<use figs/onepsid.png>
Package pdftex.def Info: figs/onepsid.png  used on input line 119.
(pdftex.def)             Requested size: 180.0pt x 135.00305pt.

Overfull \hbox (2.43333pt too wide) in paragraph at lines 118--120
[][] [] 
 []

<figs/somedelta.png, id=99, 462.528pt x 346.896pt>
File: figs/somedelta.png Graphic file (type png)
<use figs/somedelta.png>
Package pdftex.def Info: figs/somedelta.png  used on input line 124.
(pdftex.def)             Requested size: 180.0pt x 135.00305pt.
<figs/onedelta.png, id=100, 462.528pt x 346.896pt>
File: figs/onedelta.png Graphic file (type png)
<use figs/onedelta.png>
Package pdftex.def Info: figs/onedelta.png  used on input line 125.
(pdftex.def)             Requested size: 180.0pt x 135.00305pt.

Overfull \hbox (2.43333pt too wide) in paragraph at lines 124--126
[][] [] 
 []

<figs/somefx.png, id=101, 462.528pt x 338.2236pt>
File: figs/somefx.png Graphic file (type png)
<use figs/somefx.png>
Package pdftex.def Info: figs/somefx.png  used on input line 131.
(pdftex.def)             Requested size: 180.0pt x 131.62798pt.
<figs/onefx.png, id=102, 462.528pt x 346.896pt>
File: figs/onefx.png Graphic file (type png)
<use figs/onefx.png>
Package pdftex.def Info: figs/onefx.png  used on input line 132.
(pdftex.def)             Requested size: 180.0pt x 135.00305pt.

Overfull \hbox (2.43333pt too wide) in paragraph at lines 131--133
[][] [] 
 []

<figs/cost.png, id=103, 462.528pt x 346.896pt>
File: figs/cost.png Graphic file (type png)
<use figs/cost.png>
Package pdftex.def Info: figs/cost.png  used on input line 138.
(pdftex.def)             Requested size: 180.0pt x 135.00305pt.
<figs/norm.png, id=104, 462.528pt x 346.896pt>
File: figs/norm.png Graphic file (type png)
<use figs/norm.png>
Package pdftex.def Info: figs/norm.png  used on input line 139.
(pdftex.def)             Requested size: 180.0pt x 135.00305pt.

Overfull \hbox (2.43333pt too wide) in paragraph at lines 138--140
[][] [] 
 []

[14 <./figs/arm4.png> <./figs/arm6.png> <./figs/arm8.png>] [15 <./figs/sometraj.png> <./figs/onetraj.png> <./figs/someorient.png> <./figs/onepsi.png> <./figs/someV.png> <./figs/oneV.png>] [16 <./figs/somebeta.png> <./figs/onebeta.png> <./figs/somepsid.png> <./figs/onepsid.png> <./figs/somedelta.png> <./figs/onedelta.png>] [17 <./figs/somefx.png> <./figs/onefx.png> <./figs/cost.png> <./figs/norm.png>]) [18]
Chapter 3.
(Chapters/Task2.tex
<figs/des_pos_task2.png, id=144, 462.528pt x 346.896pt>
File: figs/des_pos_task2.png Graphic file (type png)
<use figs/des_pos_task2.png>
Package pdftex.def Info: figs/des_pos_task2.png  used on input line 10.
(pdftex.def)             Requested size: 360.0pt x 270.01141pt.


LaTeX Warning: `!h' float specifier changed to `!ht'.

<figs/des_or_task2.png, id=145, 462.528pt x 346.896pt>
File: figs/des_or_task2.png Graphic file (type png)
<use figs/des_or_task2.png>
Package pdftex.def Info: figs/des_or_task2.png  used on input line 15.
(pdftex.def)             Requested size: 360.0pt x 270.01141pt.
<figs/des_psidot_task2.png, id=146, 462.528pt x 346.896pt>
File: figs/des_psidot_task2.png Graphic file (type png)
<use figs/des_psidot_task2.png>
Package pdftex.def Info: figs/des_psidot_task2.png  used on input line 18.
(pdftex.def)             Requested size: 360.0pt x 270.01141pt.

LaTeX Warning: `!h' float specifier changed to `!ht'.

<figs/des_beta_task2.png, id=147, 462.528pt x 346.896pt>
File: figs/des_beta_task2.png Graphic file (type png)
<use figs/des_beta_task2.png>
Package pdftex.def Info: figs/des_beta_task2.png  used on input line 24.
(pdftex.def)             Requested size: 360.0pt x 270.01141pt.
<figs/des_V_task2.png, id=148, 462.528pt x 346.896pt>
File: figs/des_V_task2.png Graphic file (type png)
<use figs/des_V_task2.png>
Package pdftex.def Info: figs/des_V_task2.png  used on input line 27.
(pdftex.def)             Requested size: 360.0pt x 270.01141pt.

LaTeX Warning: `!h' float specifier changed to `!ht'.

[19

] [20 <./figs/des_pos_task2.png>] [21 <./figs/des_or_task2.png> <./figs/des_psidot_task2.png>] [22 <./figs/des_beta_task2.png> <./figs/des_V_task2.png>]
<figs/positionsk_task2.png, id=172, 462.528pt x 346.896pt>
File: figs/positionsk_task2.png Graphic file (type png)
<use figs/positionsk_task2.png>
Package pdftex.def Info: figs/positionsk_task2.png  used on input line 37.
(pdftex.def)             Requested size: 180.0pt x 135.00305pt.
<figs/onepos_task2.png, id=173, 462.528pt x 346.896pt>
File: figs/onepos_task2.png Graphic file (type png)
<use figs/onepos_task2.png>
Package pdftex.def Info: figs/onepos_task2.png  used on input line 38.
(pdftex.def)             Requested size: 180.0pt x 135.00305pt.

Overfull \hbox (2.43333pt too wide) in paragraph at lines 37--39
[][] [] 
 []

<figs/orientationsk_task2.png, id=174, 462.528pt x 346.896pt>
File: figs/orientationsk_task2.png Graphic file (type png)
<use figs/orientationsk_task2.png>
Package pdftex.def Info: figs/orientationsk_task2.png  used on input line 43.
(pdftex.def)             Requested size: 180.0pt x 135.00305pt.
<figs/oneor_task2.png, id=175, 462.528pt x 346.896pt>
File: figs/oneor_task2.png Graphic file (type png)
<use figs/oneor_task2.png>
Package pdftex.def Info: figs/oneor_task2.png  used on input line 44.
(pdftex.def)             Requested size: 180.0pt x 135.00305pt.

Overfull \hbox (2.43333pt too wide) in paragraph at lines 43--45
[][] [] 
 []

<figs/velocitiesk_task2.png, id=176, 462.528pt x 346.896pt>
File: figs/velocitiesk_task2.png Graphic file (type png)
<use figs/velocitiesk_task2.png>
Package pdftex.def Info: figs/velocitiesk_task2.png  used on input line 50.
(pdftex.def)             Requested size: 180.0pt x 135.00305pt.
<figs/oneV_task2.png, id=177, 462.528pt x 346.896pt>
File: figs/oneV_task2.png Graphic file (type png)
<use figs/oneV_task2.png>
Package pdftex.def Info: figs/oneV_task2.png  used on input line 51.
(pdftex.def)             Requested size: 180.0pt x 135.00305pt.

Overfull \hbox (2.43333pt too wide) in paragraph at lines 50--52
[][] [] 
 []


LaTeX Warning: `!h' float specifier changed to `!ht'.

<figs/betak_task2.png, id=178, 462.528pt x 346.896pt>
File: figs/betak_task2.png Graphic file (type png)
<use figs/betak_task2.png>
Package pdftex.def Info: figs/betak_task2.png  used on input line 57.
(pdftex.def)             Requested size: 180.0pt x 135.00305pt.
<figs/onebeta_task2.png, id=179, 462.528pt x 346.896pt>
File: figs/onebeta_task2.png Graphic file (type png)
<use figs/onebeta_task2.png>
Package pdftex.def Info: figs/onebeta_task2.png  used on input line 58.
(pdftex.def)             Requested size: 180.0pt x 135.00305pt.

Overfull \hbox (2.43333pt too wide) in paragraph at lines 57--59
[][] [] 
 []


LaTeX Warning: `!h' float specifier changed to `!ht'.

<figs/psidotk_task2.png, id=180, 462.528pt x 346.896pt>
File: figs/psidotk_task2.png Graphic file (type png)
<use figs/psidotk_task2.png>
Package pdftex.def Info: figs/psidotk_task2.png  used on input line 64.
(pdftex.def)             Requested size: 180.0pt x 135.00305pt.
<figs/onepsidot_task2.png, id=181, 462.528pt x 346.896pt>
File: figs/onepsidot_task2.png Graphic file (type png)
<use figs/onepsidot_task2.png>
Package pdftex.def Info: figs/onepsidot_task2.png  used on input line 65.
(pdftex.def)             Requested size: 180.0pt x 135.00305pt.

Overfull \hbox (2.43333pt too wide) in paragraph at lines 64--66
[][] [] 
 []


LaTeX Warning: `!h' float specifier changed to `!ht'.

<figs/Fxk_task2.png, id=182, 462.528pt x 346.896pt>
File: figs/Fxk_task2.png Graphic file (type png)
<use figs/Fxk_task2.png>
Package pdftex.def Info: figs/Fxk_task2.png  used on input line 71.
(pdftex.def)             Requested size: 180.0pt x 135.00305pt.
<figs/Onefx_task2.png, id=183, 462.528pt x 346.896pt>
File: figs/Onefx_task2.png Graphic file (type png)
<use figs/Onefx_task2.png>
Package pdftex.def Info: figs/Onefx_task2.png  used on input line 72.
(pdftex.def)             Requested size: 180.0pt x 135.00305pt.

Overfull \hbox (2.43333pt too wide) in paragraph at lines 71--73
[][] [] 
 []


LaTeX Warning: `!h' float specifier changed to `!ht'.

<figs/deltak_task2.png, id=184, 462.528pt x 346.896pt>
File: figs/deltak_task2.png Graphic file (type png)
<use figs/deltak_task2.png>
Package pdftex.def Info: figs/deltak_task2.png  used on input line 78.
(pdftex.def)             Requested size: 180.0pt x 135.00305pt.
<figs/onedelta_task2.png, id=185, 462.528pt x 346.896pt>
File: figs/onedelta_task2.png Graphic file (type png)
<use figs/onedelta_task2.png>
Package pdftex.def Info: figs/onedelta_task2.png  used on input line 79.
(pdftex.def)             Requested size: 180.0pt x 135.00305pt.

Overfull \hbox (2.43333pt too wide) in paragraph at lines 78--80
[][] [] 
 []


LaTeX Warning: `!h' float specifier changed to `!ht'.

[23

 <./figs/positionsk_task2.png> <./figs/onepos_task2.png> <./figs/orientationsk_task2.png> <./figs/oneor_task2.png>] [24 <./figs/velocitiesk_task2.png> <./figs/oneV_task2.png> <./figs/betak_task2.png> <./figs/onebeta_task2.png> <./figs/psidotk_task2.png> <./figs/onepsidot_task2.png>] [25 <./figs/Fxk_task2.png> <./figs/Onefx_task2.png> <./figs/deltak_task2.png> <./figs/onedelta_task2.png>]
<figs/arm0_task2.png, id=213, 462.528pt x 346.896pt>
File: figs/arm0_task2.png Graphic file (type png)
<use figs/arm0_task2.png>
Package pdftex.def Info: figs/arm0_task2.png  used on input line 88.
(pdftex.def)             Requested size: 180.0pt x 135.00305pt.
<figs/arm2_task2.png, id=214, 462.528pt x 346.896pt>
File: figs/arm2_task2.png Graphic file (type png)
<use figs/arm2_task2.png>
Package pdftex.def Info: figs/arm2_task2.png  used on input line 89.
(pdftex.def)             Requested size: 180.0pt x 135.00305pt.

Overfull \hbox (2.43333pt too wide) in paragraph at lines 88--90
[][] [] 
 []

<figs/arm4_task2.png, id=215, 462.528pt x 346.896pt>
File: figs/arm4_task2.png Graphic file (type png)
<use figs/arm4_task2.png>
Package pdftex.def Info: figs/arm4_task2.png  used on input line 93.
(pdftex.def)             Requested size: 180.0pt x 135.00305pt.
<figs/arm6_task2.png, id=216, 462.528pt x 346.896pt>
File: figs/arm6_task2.png Graphic file (type png)
<use figs/arm6_task2.png>
Package pdftex.def Info: figs/arm6_task2.png  used on input line 94.
(pdftex.def)             Requested size: 180.0pt x 135.00305pt.

Overfull \hbox (2.43333pt too wide) in paragraph at lines 93--95
[][] [] 
 []

<figs/cost_iter_task2.png, id=217, 462.528pt x 346.896pt>
File: figs/cost_iter_task2.png Graphic file (type png)
<use figs/cost_iter_task2.png>
Package pdftex.def Info: figs/cost_iter_task2.png  used on input line 102.
(pdftex.def)             Requested size: 180.0pt x 135.00305pt.
<figs/gradientnorm_task2.png, id=218, 462.528pt x 346.896pt>
File: figs/gradientnorm_task2.png Graphic file (type png)
<use figs/gradientnorm_task2.png>
Package pdftex.def Info: figs/gradientnorm_task2.png  used on input line 103.
(pdftex.def)             Requested size: 180.0pt x 135.00305pt.

Overfull \hbox (2.43333pt too wide) in paragraph at lines 102--104
[][] [] 
 []

) [26

 <./figs/arm0_task2.png> <./figs/arm2_task2.png> <./figs/arm4_task2.png> <./figs/arm6_task2.png> <./figs/cost_iter_task2.png> <./figs/gradientnorm_task2.png>] [27]
Chapter 4.
(Chapters/Task3.tex
<figs/_lqr_xy_5.png, id=233, 462.528pt x 346.896pt>
File: figs/_lqr_xy_5.png Graphic file (type png)
<use figs/_lqr_xy_5.png>
Package pdftex.def Info: figs/_lqr_xy_5.png  used on input line 23.
(pdftex.def)             Requested size: 265.55629pt x 199.16928pt.
<figs/_lqr_xy_10.png, id=234, 462.528pt x 346.896pt>
File: figs/_lqr_xy_10.png Graphic file (type png)
<use figs/_lqr_xy_10.png>
Package pdftex.def Info: figs/_lqr_xy_10.png  used on input line 24.
(pdftex.def)             Requested size: 265.55629pt x 199.16928pt.
<figs/_lqr_xy_20.png, id=235, 462.528pt x 346.896pt>
File: figs/_lqr_xy_20.png Graphic file (type png)
<use figs/_lqr_xy_20.png>
Package pdftex.def Info: figs/_lqr_xy_20.png  used on input line 25.
(pdftex.def)             Requested size: 265.55629pt x 199.16928pt.


LaTeX Warning: Float too large for page by 29.43675pt on input line 27.


LaTeX Warning: `!h' float specifier changed to `!ht'.

<figs/_lqr_psi_5.png, id=236, 462.528pt x 346.896pt>
File: figs/_lqr_psi_5.png Graphic file (type png)
<use figs/_lqr_psi_5.png>
Package pdftex.def Info: figs/_lqr_psi_5.png  used on input line 31.
(pdftex.def)             Requested size: 265.55629pt x 199.16928pt.
<figs/_lqr_psi_10.png, id=237, 462.528pt x 346.896pt>
File: figs/_lqr_psi_10.png Graphic file (type png)
<use figs/_lqr_psi_10.png>
Package pdftex.def Info: figs/_lqr_psi_10.png  used on input line 32.
(pdftex.def)             Requested size: 265.55629pt x 199.16928pt.
<figs/_lqr_psi_20.png, id=238, 462.528pt x 346.896pt>
File: figs/_lqr_psi_20.png Graphic file (type png)
<use figs/_lqr_psi_20.png>
Package pdftex.def Info: figs/_lqr_psi_20.png  used on input line 33.
(pdftex.def)             Requested size: 265.55629pt x 199.16928pt.

LaTeX Warning: Float too large for page by 29.43675pt on input line 35.


LaTeX Warning: `!h' float specifier changed to `!ht'.

<figs/_lqr_V_5.png, id=239, 462.528pt x 346.896pt>
File: figs/_lqr_V_5.png Graphic file (type png)
<use figs/_lqr_V_5.png>
Package pdftex.def Info: figs/_lqr_V_5.png  used on input line 39.
(pdftex.def)             Requested size: 265.55629pt x 199.16928pt.
<figs/_lqr_V_10.png, id=240, 462.528pt x 346.896pt>
File: figs/_lqr_V_10.png Graphic file (type png)
<use figs/_lqr_V_10.png>
Package pdftex.def Info: figs/_lqr_V_10.png  used on input line 40.
(pdftex.def)             Requested size: 265.55629pt x 199.16928pt.
<figs/_lqr_V_20.png, id=241, 462.528pt x 346.896pt>
File: figs/_lqr_V_20.png Graphic file (type png)
<use figs/_lqr_V_20.png>
Package pdftex.def Info: figs/_lqr_V_20.png  used on input line 41.
(pdftex.def)             Requested size: 265.55629pt x 199.16928pt.

LaTeX Warning: Float too large for page by 29.43675pt on input line 43.


LaTeX Warning: `!h' float specifier changed to `!ht'.

<figs/_lqr_beta_5.png, id=242, 462.528pt x 346.896pt>
File: figs/_lqr_beta_5.png Graphic file (type png)
<use figs/_lqr_beta_5.png>
Package pdftex.def Info: figs/_lqr_beta_5.png  used on input line 47.
(pdftex.def)             Requested size: 265.55629pt x 199.16928pt.
<figs/_lqr_beta_10.png, id=243, 462.528pt x 346.896pt>
File: figs/_lqr_beta_10.png Graphic file (type png)
<use figs/_lqr_beta_10.png>
Package pdftex.def Info: figs/_lqr_beta_10.png  used on input line 48.
(pdftex.def)             Requested size: 265.55629pt x 199.16928pt.
<figs/_lqr_beta_20.png, id=244, 462.528pt x 346.896pt>
File: figs/_lqr_beta_20.png Graphic file (type png)
<use figs/_lqr_beta_20.png>
Package pdftex.def Info: figs/_lqr_beta_20.png  used on input line 49.
(pdftex.def)             Requested size: 265.55629pt x 199.16928pt.

LaTeX Warning: Float too large for page by 29.43675pt on input line 51.


LaTeX Warning: `!h' float specifier changed to `!ht'.

<figs/_lqr_psidot_5.png, id=245, 462.528pt x 346.896pt>
File: figs/_lqr_psidot_5.png Graphic file (type png)
<use figs/_lqr_psidot_5.png>
Package pdftex.def Info: figs/_lqr_psidot_5.png  used on input line 55.
(pdftex.def)             Requested size: 265.55629pt x 199.16928pt.
<figs/_lqr_psidot_10.png, id=246, 462.528pt x 346.896pt>
File: figs/_lqr_psidot_10.png Graphic file (type png)
<use figs/_lqr_psidot_10.png>
Package pdftex.def Info: figs/_lqr_psidot_10.png  used on input line 56.
(pdftex.def)             Requested size: 265.55629pt x 199.16928pt.
<figs/_lqr_psidot_20.png, id=247, 462.528pt x 346.896pt>
File: figs/_lqr_psidot_20.png Graphic file (type png)
<use figs/_lqr_psidot_20.png>
Package pdftex.def Info: figs/_lqr_psidot_20.png  used on input line 57.
(pdftex.def)             Requested size: 265.55629pt x 199.16928pt.

LaTeX Warning: Float too large for page by 29.43675pt on input line 59.


LaTeX Warning: `!h' float specifier changed to `!ht'.

<figs/_lqr_delta_5.png, id=248, 462.528pt x 346.896pt>
File: figs/_lqr_delta_5.png Graphic file (type png)
<use figs/_lqr_delta_5.png>
Package pdftex.def Info: figs/_lqr_delta_5.png  used on input line 63.
(pdftex.def)             Requested size: 265.55629pt x 199.16928pt.
<figs/_lqr_delta_10.png, id=249, 462.528pt x 346.896pt>
File: figs/_lqr_delta_10.png Graphic file (type png)
<use figs/_lqr_delta_10.png>
Package pdftex.def Info: figs/_lqr_delta_10.png  used on input line 64.
(pdftex.def)             Requested size: 265.55629pt x 199.16928pt.
<figs/_lqr_delta_20.png, id=250, 462.528pt x 346.896pt>
File: figs/_lqr_delta_20.png Graphic file (type png)
<use figs/_lqr_delta_20.png>
Package pdftex.def Info: figs/_lqr_delta_20.png  used on input line 65.
(pdftex.def)             Requested size: 265.55629pt x 199.16928pt.

LaTeX Warning: Float too large for page by 29.43675pt on input line 67.


LaTeX Warning: `!h' float specifier changed to `!ht'.

<figs/_lqr_Fx_5.png, id=251, 462.528pt x 346.896pt>
File: figs/_lqr_Fx_5.png Graphic file (type png)
<use figs/_lqr_Fx_5.png>
Package pdftex.def Info: figs/_lqr_Fx_5.png  used on input line 71.
(pdftex.def)             Requested size: 265.55629pt x 199.16928pt.
<figs/_lqr_Fx_10.png, id=252, 462.528pt x 346.896pt>
File: figs/_lqr_Fx_10.png Graphic file (type png)
<use figs/_lqr_Fx_10.png>
Package pdftex.def Info: figs/_lqr_Fx_10.png  used on input line 72.
(pdftex.def)             Requested size: 265.55629pt x 199.16928pt.
<figs/_lqr_Fx_20.png, id=253, 462.528pt x 346.896pt>
File: figs/_lqr_Fx_20.png Graphic file (type png)
<use figs/_lqr_Fx_20.png>
Package pdftex.def Info: figs/_lqr_Fx_20.png  used on input line 73.
(pdftex.def)             Requested size: 265.55629pt x 199.16928pt.

LaTeX Warning: Float too large for page by 29.43675pt on input line 75.


LaTeX Warning: `!h' float specifier changed to `!ht'.

[28

] [29 <./figs/_lqr_xy_5.png> <./figs/_lqr_xy_10.png> <./figs/_lqr_xy_20.png>] [30 <./figs/_lqr_psi_5.png> <./figs/_lqr_psi_10.png> <./figs/_lqr_psi_20.png>] [31 <./figs/_lqr_V_5.png> <./figs/_lqr_V_10.png> <./figs/_lqr_V_20.png>] [32 <./figs/_lqr_beta_5.png> <./figs/_lqr_beta_10.png> <./figs/_lqr_beta_20.png>] [33 <./figs/_lqr_psidot_5.png> <./figs/_lqr_psidot_10.png> <./figs/_lqr_psidot_20.png>] [34 <./figs/_lqr_delta_5.png> <./figs/_lqr_delta_10.png> <./figs/_lqr_delta_20.png>] [35 <./figs/_lqr_Fx_5.png> <./figs/_lqr_Fx_10.png> <./figs/_lqr_Fx_20.png>]) [36

]
Chapter 5.
(Chapters/Task4.tex
<figs/_mpc_xy_5.png, id=312, 462.528pt x 346.896pt>
File: figs/_mpc_xy_5.png Graphic file (type png)
<use figs/_mpc_xy_5.png>
Package pdftex.def Info: figs/_mpc_xy_5.png  used on input line 19.
(pdftex.def)             Requested size: 265.55629pt x 199.16928pt.
<figs/_mpc_xy_10.png, id=313, 462.528pt x 346.896pt>
File: figs/_mpc_xy_10.png Graphic file (type png)
<use figs/_mpc_xy_10.png>
Package pdftex.def Info: figs/_mpc_xy_10.png  used on input line 20.
(pdftex.def)             Requested size: 265.55629pt x 199.16928pt.
<figs/_mpc_xy_20.png, id=314, 462.528pt x 346.896pt>
File: figs/_mpc_xy_20.png Graphic file (type png)
<use figs/_mpc_xy_20.png>
Package pdftex.def Info: figs/_mpc_xy_20.png  used on input line 21.
(pdftex.def)             Requested size: 265.55629pt x 199.16928pt.


LaTeX Warning: Float too large for page by 29.43675pt on input line 23.

[37

]

LaTeX Warning: `!h' float specifier changed to `!ht'.

<figs/_mpc_psi_5.png, id=320, 462.528pt x 346.896pt>
File: figs/_mpc_psi_5.png Graphic file (type png)
<use figs/_mpc_psi_5.png>
Package pdftex.def Info: figs/_mpc_psi_5.png  used on input line 27.
(pdftex.def)             Requested size: 265.55629pt x 199.16928pt.
<figs/_mpc_psi_10.png, id=321, 462.528pt x 346.896pt>
File: figs/_mpc_psi_10.png Graphic file (type png)
<use figs/_mpc_psi_10.png>
Package pdftex.def Info: figs/_mpc_psi_10.png  used on input line 28.
(pdftex.def)             Requested size: 265.55629pt x 199.16928pt.
<figs/_mpc_psi_20.png, id=322, 462.528pt x 346.896pt>
File: figs/_mpc_psi_20.png Graphic file (type png)
<use figs/_mpc_psi_20.png>
Package pdftex.def Info: figs/_mpc_psi_20.png  used on input line 29.
(pdftex.def)             Requested size: 265.55629pt x 199.16928pt.

LaTeX Warning: Float too large for page by 29.43675pt on input line 31.


LaTeX Warning: `!h' float specifier changed to `!ht'.

<figs/_mpc_V_5.png, id=323, 462.528pt x 346.896pt>
File: figs/_mpc_V_5.png Graphic file (type png)
<use figs/_mpc_V_5.png>
Package pdftex.def Info: figs/_mpc_V_5.png  used on input line 35.
(pdftex.def)             Requested size: 265.55629pt x 199.16928pt.
<figs/_mpc_V_10.png, id=324, 462.528pt x 346.896pt>
File: figs/_mpc_V_10.png Graphic file (type png)
<use figs/_mpc_V_10.png>
Package pdftex.def Info: figs/_mpc_V_10.png  used on input line 36.
(pdftex.def)             Requested size: 265.55629pt x 199.16928pt.
<figs/_mpc_V_20.png, id=325, 462.528pt x 346.896pt>
File: figs/_mpc_V_20.png Graphic file (type png)
<use figs/_mpc_V_20.png>
Package pdftex.def Info: figs/_mpc_V_20.png  used on input line 37.
(pdftex.def)             Requested size: 265.55629pt x 199.16928pt.

LaTeX Warning: Float too large for page by 29.43675pt on input line 39.


LaTeX Warning: `!h' float specifier changed to `!ht'.

<figs/_mpc_beta_5.png, id=326, 462.528pt x 346.896pt>
File: figs/_mpc_beta_5.png Graphic file (type png)
<use figs/_mpc_beta_5.png>
Package pdftex.def Info: figs/_mpc_beta_5.png  used on input line 43.
(pdftex.def)             Requested size: 265.55629pt x 199.16928pt.
<figs/_mpc_beta_10.png, id=327, 462.528pt x 346.896pt>
File: figs/_mpc_beta_10.png Graphic file (type png)
<use figs/_mpc_beta_10.png>
Package pdftex.def Info: figs/_mpc_beta_10.png  used on input line 44.
(pdftex.def)             Requested size: 265.55629pt x 199.16928pt.
<figs/_mpc_beta_20.png, id=328, 462.528pt x 346.896pt>
File: figs/_mpc_beta_20.png Graphic file (type png)
<use figs/_mpc_beta_20.png>
Package pdftex.def Info: figs/_mpc_beta_20.png  used on input line 45.
(pdftex.def)             Requested size: 265.55629pt x 199.16928pt.

LaTeX Warning: Float too large for page by 29.43675pt on input line 47.


LaTeX Warning: `!h' float specifier changed to `!ht'.

<figs/_mpc_psidot_5.png, id=329, 462.528pt x 346.896pt>
File: figs/_mpc_psidot_5.png Graphic file (type png)
<use figs/_mpc_psidot_5.png>
Package pdftex.def Info: figs/_mpc_psidot_5.png  used on input line 51.
(pdftex.def)             Requested size: 265.55629pt x 199.16928pt.
<figs/_mpc_psidot_10.png, id=330, 462.528pt x 346.896pt>
File: figs/_mpc_psidot_10.png Graphic file (type png)
<use figs/_mpc_psidot_10.png>
Package pdftex.def Info: figs/_mpc_psidot_10.png  used on input line 52.
(pdftex.def)             Requested size: 265.55629pt x 199.16928pt.
<figs/_mpc_psidot_20.png, id=331, 462.528pt x 346.896pt>
File: figs/_mpc_psidot_20.png Graphic file (type png)
<use figs/_mpc_psidot_20.png>
Package pdftex.def Info: figs/_mpc_psidot_20.png  used on input line 53.
(pdftex.def)             Requested size: 265.55629pt x 199.16928pt.

LaTeX Warning: Float too large for page by 29.43675pt on input line 55.


LaTeX Warning: `!h' float specifier changed to `!ht'.

<figs/_mpc_delta_5.png, id=332, 462.528pt x 346.896pt>
File: figs/_mpc_delta_5.png Graphic file (type png)
<use figs/_mpc_delta_5.png>
Package pdftex.def Info: figs/_mpc_delta_5.png  used on input line 59.
(pdftex.def)             Requested size: 265.55629pt x 199.16928pt.
<figs/_mpc_delta_10.png, id=333, 462.528pt x 346.896pt>
File: figs/_mpc_delta_10.png Graphic file (type png)
<use figs/_mpc_delta_10.png>
Package pdftex.def Info: figs/_mpc_delta_10.png  used on input line 60.
(pdftex.def)             Requested size: 265.55629pt x 199.16928pt.
<figs/_mpc_delta_20.png, id=334, 462.528pt x 346.896pt>
File: figs/_mpc_delta_20.png Graphic file (type png)
<use figs/_mpc_delta_20.png>
Package pdftex.def Info: figs/_mpc_delta_20.png  used on input line 61.
(pdftex.def)             Requested size: 265.55629pt x 199.16928pt.

LaTeX Warning: Float too large for page by 29.43675pt on input line 63.


LaTeX Warning: `!h' float specifier changed to `!ht'.

<figs/_mpc_Fx_5.png, id=335, 462.528pt x 346.896pt>
File: figs/_mpc_Fx_5.png Graphic file (type png)
<use figs/_mpc_Fx_5.png>
Package pdftex.def Info: figs/_mpc_Fx_5.png  used on input line 67.
(pdftex.def)             Requested size: 265.55629pt x 199.16928pt.
<figs/_mpc_Fx_10.png, id=336, 462.528pt x 346.896pt>
File: figs/_mpc_Fx_10.png Graphic file (type png)
<use figs/_mpc_Fx_10.png>
Package pdftex.def Info: figs/_mpc_Fx_10.png  used on input line 68.
(pdftex.def)             Requested size: 265.55629pt x 199.16928pt.
<figs/_mpc_Fx_20.png, id=337, 462.528pt x 346.896pt>
File: figs/_mpc_Fx_20.png Graphic file (type png)
<use figs/_mpc_Fx_20.png>
Package pdftex.def Info: figs/_mpc_Fx_20.png  used on input line 69.
(pdftex.def)             Requested size: 265.55629pt x 199.16928pt.

LaTeX Warning: Float too large for page by 29.43675pt on input line 71.


LaTeX Warning: `!h' float specifier changed to `!ht'.

) [38] [39 <./figs/_mpc_xy_5.png> <./figs/_mpc_xy_10.png> <./figs/_mpc_xy_20.png>] [40 <./figs/_mpc_psi_5.png> <./figs/_mpc_psi_10.png> <./figs/_mpc_psi_20.png>] [41 <./figs/_mpc_V_5.png> <./figs/_mpc_V_10.png> <./figs/_mpc_V_20.png>] [42 <./figs/_mpc_beta_5.png> <./figs/_mpc_beta_10.png> <./figs/_mpc_beta_20.png>] [43 <./figs/_mpc_psidot_5.png> <./figs/_mpc_psidot_10.png> <./figs/_mpc_psidot_20.png>] [44 <./figs/_mpc_delta_5.png> <./figs/_mpc_delta_10.png> <./figs/_mpc_delta_20.png>] [45 <./figs/_mpc_Fx_5.png> <./figs/_mpc_Fx_10.png> <./figs/_mpc_Fx_20.png>]
Chapter 6.
(Chapters/Task5.tex
<figs/saetta_video/00001.png, id=392, 1084.05pt x 1084.05pt>
File: figs/saetta_video/00001.png Graphic file (type png)
<use figs/saetta_video/00001.png>
Package pdftex.def Info: figs/saetta_video/00001.png  used on input line 7.
(pdftex.def)             Requested size: 180.0pt x 179.98534pt.
<figs/saetta_video/00080.png, id=393, 1084.05pt x 1084.05pt>
File: figs/saetta_video/00080.png Graphic file (type png)
<use figs/saetta_video/00080.png>
Package pdftex.def Info: figs/saetta_video/00080.png  used on input line 8.
(pdftex.def)             Requested size: 180.0pt x 179.98534pt.

Overfull \hbox (2.43333pt too wide) in paragraph at lines 7--9
[][] [] 
 []

<figs/saetta_video/00160.png, id=394, 1084.05pt x 1084.05pt>
File: figs/saetta_video/00160.png Graphic file (type png)
<use figs/saetta_video/00160.png>
Package pdftex.def Info: figs/saetta_video/00160.png  used on input line 12.
(pdftex.def)             Requested size: 180.0pt x 179.98534pt.
<figs/saetta_video/00240.png, id=395, 1084.05pt x 1084.05pt>
File: figs/saetta_video/00240.png Graphic file (type png)
<use figs/saetta_video/00240.png>
Package pdftex.def Info: figs/saetta_video/00240.png  used on input line 13.
(pdftex.def)             Requested size: 180.0pt x 179.98534pt.

Overfull \hbox (2.43333pt too wide) in paragraph at lines 12--14
[][] [] 
 []

<figs/saetta_video/00320.png, id=396, 1084.05pt x 1084.05pt>
File: figs/saetta_video/00320.png Graphic file (type png)
<use figs/saetta_video/00320.png>
Package pdftex.def Info: figs/saetta_video/00320.png  used on input line 17.
(pdftex.def)             Requested size: 180.0pt x 179.98534pt.
<figs/saetta_video/00400.png, id=397, 1084.05pt x 1084.05pt>
File: figs/saetta_video/00400.png Graphic file (type png)
<use figs/saetta_video/00400.png>
Package pdftex.def Info: figs/saetta_video/00400.png  used on input line 18.
(pdftex.def)             Requested size: 180.0pt x 179.98534pt.

Overfull \hbox (2.43333pt too wide) in paragraph at lines 17--19
[][] [] 
 []


LaTeX Warning: `h' float specifier changed to `ht'.

<figs/saetta_video/00480.png, id=398, 1084.05pt x 1084.05pt>
File: figs/saetta_video/00480.png Graphic file (type png)
<use figs/saetta_video/00480.png>
Package pdftex.def Info: figs/saetta_video/00480.png  used on input line 22.
(pdftex.def)             Requested size: 180.0pt x 179.98534pt.
<figs/saetta_video/00560.png, id=399, 1084.05pt x 1084.05pt>
File: figs/saetta_video/00560.png Graphic file (type png)
<use figs/saetta_video/00560.png>
Package pdftex.def Info: figs/saetta_video/00560.png  used on input line 23.
(pdftex.def)             Requested size: 180.0pt x 179.98534pt.

Overfull \hbox (2.43333pt too wide) in paragraph at lines 22--24
[][] [] 
 []


LaTeX Warning: `h' float specifier changed to `ht'.

<figs/saetta_video/00600.png, id=400, 1084.05pt x 1084.05pt>
File: figs/saetta_video/00600.png Graphic file (type png)
<use figs/saetta_video/00600.png>
Package pdftex.def Info: figs/saetta_video/00600.png  used on input line 27.
(pdftex.def)             Requested size: 180.0pt x 179.98534pt.
<figs/saetta_video/00649.png, id=401, 1084.05pt x 1084.05pt>
File: figs/saetta_video/00649.png Graphic file (type png)
<use figs/saetta_video/00649.png>
Package pdftex.def Info: figs/saetta_video/00649.png  used on input line 28.
(pdftex.def)             Requested size: 180.0pt x 179.98534pt.

Overfull \hbox (2.43333pt too wide) in paragraph at lines 27--29
[][] [] 
 []


LaTeX Warning: `h' float specifier changed to `ht'.

) [46

 <./figs/saetta_video/00001.png (PNG copy)> <./figs/saetta_video/00080.png (PNG copy)> <./figs/saetta_video/00160.png (PNG copy)> <./figs/saetta_video/00240.png (PNG copy)>] [47 <./figs/saetta_video/00320.png (PNG copy)> <./figs/saetta_video/00400.png (PNG copy)> <./figs/saetta_video/00480.png (PNG copy)> <./figs/saetta_video/00560.png (PNG copy)> <./figs/saetta_video/00600.png (PNG copy)> <./figs/saetta_video/00649.png (PNG copy)>] [48

] (OPTCON_report_15.aux)
 ***********
LaTeX2e <2023-06-01> patch level 1
L3 programming layer <2023-08-29>
 ***********
 ) 
Here is how much of TeX's memory you used:
 6858 strings out of 475248
 126708 string characters out of 5757813
 1935785 words of memory out of 5000000
 28242 multiletter control sequences out of 15000+600000
 569956 words of font info for 80 fonts, out of 8000000 for 9000
 1141 hyphenation exceptions out of 8191
 76i,9n,80p,738b,266s stack positions out of 10000i,1000n,20000p,200000b,200000s
 <C:\Users\fboss\AppData\Local\MiKTeX\fonts/pk/ljfour/jknappen/ec/dpi600\tcrm1095.pk><C:/Users/fboss/AppData/Local/Programs/MiKTeX/fonts/type1/public/amsfonts/cm/cmbx10.pfb><C:/Users/fboss/AppData/Local/Programs/MiKTeX/fonts/type1/public/amsfonts/cm/cmbx12.pfb><C:/Users/fboss/AppData/Local/Programs/MiKTeX/fonts/type1/public/amsfonts/cm/cmex10.pfb><C:/Users/fboss/AppData/Local/Programs/MiKTeX/fonts/type1/public/amsfonts/cm/cmmi10.pfb><C:/Users/fboss/AppData/Local/Programs/MiKTeX/fonts/type1/public/amsfonts/cm/cmmi6.pfb><C:/Users/fboss/AppData/Local/Programs/MiKTeX/fonts/type1/public/amsfonts/cm/cmmi8.pfb><C:/Users/fboss/AppData/Local/Programs/MiKTeX/fonts/type1/public/amsfonts/cm/cmr10.pfb><C:/Users/fboss/AppData/Local/Programs/MiKTeX/fonts/type1/public/amsfonts/cm/cmr12.pfb><C:/Users/fboss/AppData/Local/Programs/MiKTeX/fonts/type1/public/amsfonts/cm/cmr17.pfb><C:/Users/fboss/AppData/Local/Programs/MiKTeX/fonts/type1/public/amsfonts/cm/cmr8.pfb><C:/Users/fboss/AppData/Local/Programs/MiKTeX/fonts/type1/public/amsfonts/cm/cmsy10.pfb><C:/Users/fboss/AppData/Local/Programs/MiKTeX/fonts/type1/public/amsfonts/cm/cmsy8.pfb><C:/Users/fboss/AppData/Local/Programs/MiKTeX/fonts/type1/public/amsfonts/cm/cmti10.pfb><C:/Users/fboss/AppData/Local/Programs/MiKTeX/fonts/type1/public/amsfonts/cm/cmtt10.pfb>
Output written on OPTCON_report_15.pdf (48 pages, 5226342 bytes).
PDF statistics:
 478 PDF objects out of 1000 (max. 8388607)
 0 named destinations out of 1000 (max. 500000)
 521 words of extra memory for PDF output out of 10000 (max. 10000000)

